cargo : warning: C:\Users\ACER\Documents\VSCFiles1
\Overthrone\crates\overthrone-cli\Cargo.toml: 
file `C:\Users\ACER\Documents\VSCFiles1\Overthrone
\crates\overthrone-cli\src\main.rs` found to be 
present in multiple build targets:
At line:1 char:1
+ cargo check -p overthrone-core --all-features > 
build_errors.txt 2>&1
+ ~~~~~~~~~~~~~~~~~~~~~~~~~~~~~~~~~~~~~~~~~~~~~~~~
~~~~~~~~~~~~~~~~~~~~~
    + CategoryInfo          : NotSpecified: (warn 
   ing: C:\Use... build targets::String) [], Rem  
  oteException
    + FullyQualifiedErrorId : NativeCommandError
 
  * `bin` target `overthrone`
  * `bin` target `ovt`
    Checking picky-asn1 v0.10.1
    Checking wmi v0.13.4
    Checking reqwest v0.12.28
    Checking rasn v0.28.7
    Checking petgraph v0.8.3
    Checking kerberos_asn1 v0.2.1
    Checking picky-asn1-der v0.5.4
    Checking picky-asn1-x509 v0.15.2
    Checking picky v7.0.0-rc.20
    Checking picky-krb v0.12.0
    Checking sspi v0.18.7
    Checking smb v0.11.1
    Checking overthrone-core v0.1.1 (C:\Users\ACER
\Documents\VSCFiles1\Overthrone\crates\overthrone-
core)
error[E0277]: the trait bound `Graph<AdNode, 
graph::EdgeType>: serde::Serialize` is not 
satisfied
    --> 
crates\overthrone-core\src\graph\mod.rs:252:24
     |
 252 | #[derive(Debug, Clone, Serialize, 
Deserialize)]
     |                        ^^^^^^^^^ the trait 
`adcs::_::_serde::Serialize` is not implemented 
for `Graph<AdNode, graph::EdgeType>`
 253 | pub struct AttackGraph {
 254 |     graph: DiGraph<AdNode, EdgeType>,
     |     -------------------------------- 
required by a bound introduced by this call
     |
     = note: for local types consider adding 
`#[derive(serde::Serialize)]` to your 
`Graph<AdNode, graph::EdgeType>` type
     = note: for types from other crates check 
whether the crate offers a `serde` feature flag
     = help: the following other types implement 
trait `adcs::_::_serde::Serialize`:
               &'a T
               &'a mut T
               ()
               (T,)
               (T0, T1)
               (T0, T1, T2)
               (T0, T1, T2, T3)
               (T0, T1, T2, T3, T4)
             and 415 others
note: required by a bound in `adcs::_::_serde::ser
::SerializeStruct::serialize_field`
    --> C:\Users\ACER\.cargo\registry\src\index.cr
ates.io-1949cf8c6b5b557f\serde_core-1.0.228\src\se
r\mod.rs:1917:21
     |
1915 |     fn serialize_field<T>(&mut self, key: 
&'static str, value: &T) -> Result<(), 
Self::Error>
     |        --------------- required by a bound 
in this associated function
1916 |     where
1917 |         T: ?Sized + Serialize;
     |                     ^^^^^^^^^ required by 
this bound in `SerializeStruct::serialize_field`
     = note: this error originates in the derive 
macro `Serialize` (in Nightly builds, run with -Z 
macro-backtrace for more info)

error[E0277]: the trait bound `NodeIndex: 
serde::Serialize` is not satisfied
    --> 
crates\overthrone-core\src\graph\mod.rs:252:24
     |
 252 |   #[derive(Debug, Clone, Serialize, 
Deserialize)]
     |                          ^^^^^^^^^ the 
trait `adcs::_::_serde::Serialize` is not 
implemented for `NodeIndex`
...
 255 | /     /// Maps "NAME@DOMAIN" (uppercase) 
ΓåÆ NodeIndex for fast lookup
 256 | |     node_index: HashMap<String, 
NodeIndex>,
     | 
|__________________________________________- 
required by a bound introduced by this call
     |
     = note: for local types consider adding 
`#[derive(serde::Serialize)]` to your `NodeIndex` 
type
     = note: for types from other crates check 
whether the crate offers a `serde` feature flag
     = help: the following other types implement 
trait `adcs::_::_serde::Serialize`:
               &'a T
               &'a mut T
               ()
               (T,)
               (T0, T1)
               (T0, T1, T2)
               (T0, T1, T2, T3)
               (T0, T1, T2, T3, T4)
             and 415 others
     = note: required for 
`HashMap<std::string::String, NodeIndex>` to 
implement `adcs::_::_serde::Serialize`
note: required by a bound in `adcs::_::_serde::ser
::SerializeStruct::serialize_field`
    --> C:\Users\ACER\.cargo\registry\src\index.cr
ates.io-1949cf8c6b5b557f\serde_core-1.0.228\src\se
r\mod.rs:1917:21
     |
1915 |     fn serialize_field<T>(&mut self, key: 
&'static str, value: &T) -> Result<(), 
Self::Error>
     |        --------------- required by a bound 
in this associated function
1916 |     where
1917 |         T: ?Sized + Serialize;
     |                     ^^^^^^^^^ required by 
this bound in `SerializeStruct::serialize_field`
     = note: this error originates in the derive 
macro `Serialize` (in Nightly builds, run with -Z 
macro-backtrace for more info)

error[E0277]: the trait bound `Graph<AdNode, 
graph::EdgeType>: serde::Deserialize<'de>` is not 
satisfied
    --> 
crates\overthrone-core\src\graph\mod.rs:254:12
     |
 254 |     graph: DiGraph<AdNode, EdgeType>,
     |            ^^^^^^^^^^^^^^^^^^^^^^^^^ the 
trait `Deserialize<'_>` is not implemented for 
`Graph<AdNode, graph::EdgeType>`
     |
     = note: for local types consider adding 
`#[derive(serde::Deserialize)]` to your 
`Graph<AdNode, graph::EdgeType>` type
     = note: for types from other crates check 
whether the crate offers a `serde` feature flag
     = help: the following other types implement 
trait `Deserialize<'de>`:
               &'a Path
               &'a [u8]
               &'a 
serde_bytes::bytearray::ByteArray<N>
               &'a serde_bytes::bytes::Bytes
               &'a str
               ()
               (T,)
               (T0, T1)
             and 424 others
note: required by a bound in `next_element`
    --> C:\Users\ACER\.cargo\registry\src\index.cr
ates.io-1949cf8c6b5b557f\serde_core-1.0.228\src\de
\mod.rs:1771:12
     |
1769 |     fn next_element<T>(&mut self) -> 
Result<Option<T>, Self::Error>
     |        ------------ required by a bound in 
this associated function
1770 |     where
1771 |         T: Deserialize<'de>,
     |            ^^^^^^^^^^^^^^^^ required by 
this bound in `SeqAccess::next_element`

error[E0277]: the trait bound `NodeIndex: 
serde::Deserialize<'de>` is not satisfied
    --> 
crates\overthrone-core\src\graph\mod.rs:256:17
     |
 256 |     node_index: HashMap<String, NodeIndex>,
     |                 ^^^^^^^^^^^^^^^^^^^^^^^^^^ 
the trait `Deserialize<'_>` is not implemented 
for `NodeIndex`
     |
     = note: for local types consider adding 
`#[derive(serde::Deserialize)]` to your 
`NodeIndex` type
     = note: for types from other crates check 
whether the crate offers a `serde` feature flag
     = help: the following other types implement 
trait `Deserialize<'de>`:
               &'a Path
               &'a [u8]
               &'a 
serde_bytes::bytearray::ByteArray<N>
               &'a serde_bytes::bytes::Bytes
               &'a str
               ()
               (T,)
               (T0, T1)
             and 424 others
     = note: required for 
`HashMap<std::string::String, NodeIndex>` to 
implement `Deserialize<'_>`
note: required by a bound in `next_element`
    --> C:\Users\ACER\.cargo\registry\src\index.cr
ates.io-1949cf8c6b5b557f\serde_core-1.0.228\src\de
\mod.rs:1771:12
     |
1769 |     fn next_element<T>(&mut self) -> 
Result<Option<T>, Self::Error>
     |        ------------ required by a bound in 
this associated function
1770 |     where
1771 |         T: Deserialize<'de>,
     |            ^^^^^^^^^^^^^^^^ required by 
this bound in `SeqAccess::next_element`

error[E0277]: the trait bound `NodeIndex: 
serde::Deserialize<'de>` is not satisfied
    --> 
crates\overthrone-core\src\graph\mod.rs:258:15
     |
 258 |     dn_index: HashMap<String, NodeIndex>,
     |               ^^^^^^^^^^^^^^^^^^^^^^^^^^ 
the trait `Deserialize<'_>` is not implemented 
for `NodeIndex`
     |
     = note: for local types consider adding 
`#[derive(serde::Deserialize)]` to your 
`NodeIndex` type
     = note: for types from other crates check 
whether the crate offers a `serde` feature flag
     = help: the following other types implement 
trait `Deserialize<'de>`:
               &'a Path
               &'a [u8]
               &'a 
serde_bytes::bytearray::ByteArray<N>
               &'a serde_bytes::bytes::Bytes
               &'a str
               ()
               (T,)
               (T0, T1)
             and 424 others
     = note: required for 
`HashMap<std::string::String, NodeIndex>` to 
implement `Deserialize<'_>`
note: required by a bound in `next_element`
    --> C:\Users\ACER\.cargo\registry\src\index.cr
ates.io-1949cf8c6b5b557f\serde_core-1.0.228\src\de
\mod.rs:1771:12
     |
1769 |     fn next_element<T>(&mut self) -> 
Result<Option<T>, Self::Error>
     |        ------------ required by a bound in 
this associated function
1770 |     where
1771 |         T: Deserialize<'de>,
     |            ^^^^^^^^^^^^^^^^ required by 
this bound in `SeqAccess::next_element`

error[E0277]: the trait bound `Graph<AdNode, 
graph::EdgeType>: serde::Deserialize<'de>` is not 
satisfied
    --> 
crates\overthrone-core\src\graph\mod.rs:254:12
     |
 254 |     graph: DiGraph<AdNode, EdgeType>,
     |            ^^^^^^^^^^^^^^^^^^^^^^^^^ the 
trait `Deserialize<'_>` is not implemented for 
`Graph<AdNode, graph::EdgeType>`
     |
     = note: for local types consider adding 
`#[derive(serde::Deserialize)]` to your 
`Graph<AdNode, graph::EdgeType>` type
     = note: for types from other crates check 
whether the crate offers a `serde` feature flag
     = help: the following other types implement 
trait `Deserialize<'de>`:
               &'a Path
               &'a [u8]
               &'a 
serde_bytes::bytearray::ByteArray<N>
               &'a serde_bytes::bytes::Bytes
               &'a str
               ()
               (T,)
               (T0, T1)
             and 424 others
note: required by a bound in `next_value`
    --> C:\Users\ACER\.cargo\registry\src\index.cr
ates.io-1949cf8c6b5b557f\serde_core-1.0.228\src\de
\mod.rs:1916:12
     |
1914 |     fn next_value<V>(&mut self) -> 
Result<V, Self::Error>
     |        ---------- required by a bound in 
this associated function
1915 |     where
1916 |         V: Deserialize<'de>,
     |            ^^^^^^^^^^^^^^^^ required by 
this bound in `MapAccess::next_value`

error[E0277]: the trait bound `NodeIndex: 
serde::Deserialize<'de>` is not satisfied
    --> 
crates\overthrone-core\src\graph\mod.rs:256:17
     |
 256 |     node_index: HashMap<String, NodeIndex>,
     |                 ^^^^^^^^^^^^^^^^^^^^^^^^^^ 
the trait `Deserialize<'_>` is not implemented 
for `NodeIndex`
     |
     = note: for local types consider adding 
`#[derive(serde::Deserialize)]` to your 
`NodeIndex` type
     = note: for types from other crates check 
whether the crate offers a `serde` feature flag
     = help: the following other types implement 
trait `Deserialize<'de>`:
               &'a Path
               &'a [u8]
               &'a 
serde_bytes::bytearray::ByteArray<N>
               &'a serde_bytes::bytes::Bytes
               &'a str
               ()
               (T,)
               (T0, T1)
             and 424 others
     = note: required for 
`HashMap<std::string::String, NodeIndex>` to 
implement `Deserialize<'_>`
note: required by a bound in `next_value`
    --> C:\Users\ACER\.cargo\registry\src\index.cr
ates.io-1949cf8c6b5b557f\serde_core-1.0.228\src\de
\mod.rs:1916:12
     |
1914 |     fn next_value<V>(&mut self) -> 
Result<V, Self::Error>
     |        ---------- required by a bound in 
this associated function
1915 |     where
1916 |         V: Deserialize<'de>,
     |            ^^^^^^^^^^^^^^^^ required by 
this bound in `MapAccess::next_value`

error[E0277]: the trait bound `NodeIndex: 
serde::Deserialize<'de>` is not satisfied
    --> 
crates\overthrone-core\src\graph\mod.rs:258:15
     |
 258 |     dn_index: HashMap<String, NodeIndex>,
     |               ^^^^^^^^^^^^^^^^^^^^^^^^^^ 
the trait `Deserialize<'_>` is not implemented 
for `NodeIndex`
     |
     = note: for local types consider adding 
`#[derive(serde::Deserialize)]` to your 
`NodeIndex` type
     = note: for types from other crates check 
whether the crate offers a `serde` feature flag
     = help: the following other types implement 
trait `Deserialize<'de>`:
               &'a Path
               &'a [u8]
               &'a 
serde_bytes::bytearray::ByteArray<N>
               &'a serde_bytes::bytes::Bytes
               &'a str
               ()
               (T,)
               (T0, T1)
             and 424 others
     = note: required for 
`HashMap<std::string::String, NodeIndex>` to 
implement `Deserialize<'_>`
note: required by a bound in `next_value`
    --> C:\Users\ACER\.cargo\registry\src\index.cr
ates.io-1949cf8c6b5b557f\serde_core-1.0.228\src\de
\mod.rs:1916:12
     |
1914 |     fn next_value<V>(&mut self) -> 
Result<V, Self::Error>
     |        ---------- required by a bound in 
this associated function
1915 |     where
1916 |         V: Deserialize<'de>,
     |            ^^^^^^^^^^^^^^^^ required by 
this bound in `MapAccess::next_value`

error[E0277]: the trait bound `Graph<AdNode, 
graph::EdgeType>: serde::Deserialize<'de>` is not 
satisfied
   --> 
crates\overthrone-core\src\graph\mod.rs:252:35
    |
252 | #[derive(Debug, Clone, Serialize, 
Deserialize)]
    |                                   
^^^^^^^^^^^ the trait `Deserialize<'_>` is not 
implemented for `Graph<AdNode, graph::EdgeType>`
    |
    = note: for local types consider adding 
`#[derive(serde::Deserialize)]` to your 
`Graph<AdNode, graph::EdgeType>` type
    = note: for types from other crates check 
whether the crate offers a `serde` feature flag
    = help: the following other types implement 
trait `Deserialize<'de>`:
              &'a Path
              &'a [u8]
              &'a 
serde_bytes::bytearray::ByteArray<N>
              &'a serde_bytes::bytes::Bytes
              &'a str
              ()
              (T,)
              (T0, T1)
            and 424 others
note: required by a bound in 
`adcs::_::_serde::__private228::de::missing_field`
   --> C:\Users\ACER\.cargo\registry\src\index.cra
tes.io-1949cf8c6b5b557f\serde-1.0.228\src\private\
de.rs:26:8
    |
 24 | pub fn missing_field<'de, V, E>(field: 
&'static str) -> Result<V, E>
    |        ------------- required by a bound in 
this function
 25 | where
 26 |     V: Deserialize<'de>,
    |        ^^^^^^^^^^^^^^^^ required by this 
bound in `missing_field`
    = note: this error originates in the derive 
macro `Deserialize` (in Nightly builds, run with 
-Z macro-backtrace for more info)

error[E0277]: the trait bound `NodeIndex: 
serde::Deserialize<'de>` is not satisfied
   --> 
crates\overthrone-core\src\graph\mod.rs:252:35
    |
252 | #[derive(Debug, Clone, Serialize, 
Deserialize)]
    |                                   
^^^^^^^^^^^ the trait `Deserialize<'_>` is not 
implemented for `NodeIndex`
    |
    = note: for local types consider adding 
`#[derive(serde::Deserialize)]` to your 
`NodeIndex` type
    = note: for types from other crates check 
whether the crate offers a `serde` feature flag
    = help: the following other types implement 
trait `Deserialize<'de>`:
              &'a Path
              &'a [u8]
              &'a 
serde_bytes::bytearray::ByteArray<N>
              &'a serde_bytes::bytes::Bytes
              &'a str
              ()
              (T,)
              (T0, T1)
            and 424 others
    = note: required for 
`HashMap<std::string::String, NodeIndex>` to 
implement `Deserialize<'_>`
note: required by a bound in 
`adcs::_::_serde::__private228::de::missing_field`
   --> C:\Users\ACER\.cargo\registry\src\index.cra
tes.io-1949cf8c6b5b557f\serde-1.0.228\src\private\
de.rs:26:8
    |
 24 | pub fn missing_field<'de, V, E>(field: 
&'static str) -> Result<V, E>
    |        ------------- required by a bound in 
this function
 25 | where
 26 |     V: Deserialize<'de>,
    |        ^^^^^^^^^^^^^^^^ required by this 
bound in `missing_field`
    = note: this error originates in the derive 
macro `Deserialize` (in Nightly builds, run with 
-Z macro-backtrace for more info)

For more information about this error, try `rustc 
--explain E0277`.
error: could not compile `overthrone-core` (lib) 
due to 10 previous errors
