cargo : warning: C:\Users\ACER\Documents\VSCFiles1\
Overthrone\crates\overthrone-cli\Cargo.toml: file `
C:\Users\ACER\Documents\VSCFiles1\Overthrone\crates
\overthrone-cli\src\main.rs` found to be present 
in multiple build targets:
At line:1 char:1
+ cargo check -p overthrone-core 2> errors.txt
+ ~~~~~~~~~~~~~~~~~~~~~~~~~~~~~~~~~~~~~~~~~~~~
    + CategoryInfo          : NotSpecified: (warni 
   ng: C:\Use... build targets::String) [], Remot  
  eException
    + FullyQualifiedErrorId : NativeCommandError
 
  * `bin` target `overthrone`
  * `bin` target `ovt`
    Checking overthrone-core v0.1.1 (C:\Users\ACER\
Documents\VSCFiles1\Overthrone\crates\overthrone-co
re)
error[E0599]: the function or associated item 
`new` exists for struct 
`SigningKey<CoreWrapper<CtVariableCoreWrapper<..., 
..., ...>>>`, but its trait bounds were not 
satisfied
   --> 
crates\overthrone-core\src\sccm\mod.rs:249:49
    |
249 |         let signing_key = 
SigningKey::<Sha256>::new(priv_key);
    |                                              
   ^^^ function or associated item cannot be 
called due to unsatisfied trait bounds
    |
   ::: C:\Users\ACER\.cargo\registry\src\index.crat
es.io-1949cf8c6b5b557f\digest-0.10.7\src\core_api\c
t_variable.rs:197:9
    |
197 |         pub struct $name;
    |         ----------------- doesn't satisfy 
`OidSha256: AssociatedOid`
    |
   ::: C:\Users\ACER\.cargo\registry\src\index.crat
es.io-1949cf8c6b5b557f\rsa-0.9.10\src\pkcs1v15\sign
ing_key.rs:23:1
    |
 23 | pub struct SigningKey<D>
    | ------------------------ doesn't satisfy 5 
bounds
    |
   ::: C:\Users\ACER\.cargo\registry\src\index.crat
es.io-1949cf8c6b5b557f\digest-0.10.7\src\core_api\w
rapper.rs:24:1
    |
 24 | pub struct CoreWrapper<T>
    | ------------------------- doesn't satisfy 
`_: AssociatedOid`
    |
note: if you're trying to build a new `rsa::pkcs1v1
5::SigningKey<CoreWrapper<CtVariableCoreWrapper<Sha
256VarCore, UInt<UInt<UInt<UInt<UInt<UInt<UTerm, 
B1>, B0>, B0>, B0>, B0>, B0>, OidSha256>>>` 
consider using one of the following associated 
functions:
      
rsa::pkcs1v15::SigningKey::<D>::new_unprefixed
      
rsa::pkcs1v15::SigningKey::<D>::random_unprefixed
   --> C:\Users\ACER\.cargo\registry\src\index.crat
es.io-1949cf8c6b5b557f\rsa-0.9.10\src\pkcs1v15\sign
ing_key.rs:79:5
    |
 79 |       pub fn new_unprefixed(key: 
RsaPrivateKey) -> Self {
    |       
^^^^^^^^^^^^^^^^^^^^^^^^^^^^^^^^^^^^^^^^^^^^^^^^^
...
 88 | /     pub fn random_unprefixed<R: 
CryptoRngCore + ?Sized>(
 89 | |         rng: &mut R,
 90 | |         bit_size: usize,
 91 | |     ) -> Result<Self> {
    | |_____________________^
    = note: the following trait bounds were not 
satisfied:
            `OidSha256: AssociatedOid`
            which is required by 
`CoreWrapper<CtVariableCoreWrapper<Sha256VarCore, 
UInt<UInt<UInt<UInt<UInt<UInt<UTerm, B1>, B0>, 
B0>, B0>, B0>, B0>, OidSha256>>: AssociatedOid`
            `rsa::pkcs1v15::SigningKey<CoreWrapper<
CtVariableCoreWrapper<Sha256VarCore, 
UInt<UInt<UInt<UInt<UInt<UInt<UTerm, B1>, B0>, 
B0>, B0>, B0>, B0>, OidSha256>>>: FixedOutput`
            which is required by `rsa::pkcs1v15::Si
gningKey<CoreWrapper<CtVariableCoreWrapper<Sha256Va
rCore, UInt<UInt<UInt<UInt<UInt<UInt<UTerm, B1>, 
B0>, B0>, B0>, B0>, B0>, OidSha256>>>: Digest`
            `rsa::pkcs1v15::SigningKey<CoreWrapper<
CtVariableCoreWrapper<Sha256VarCore, 
UInt<UInt<UInt<UInt<UInt<UInt<UTerm, B1>, B0>, 
B0>, B0>, B0>, B0>, OidSha256>>>: 
std::default::Default`
            which is required by `rsa::pkcs1v15::Si
gningKey<CoreWrapper<CtVariableCoreWrapper<Sha256Va
rCore, UInt<UInt<UInt<UInt<UInt<UInt<UTerm, B1>, 
B0>, B0>, B0>, B0>, B0>, OidSha256>>>: Digest`
            `rsa::pkcs1v15::SigningKey<CoreWrapper<
CtVariableCoreWrapper<Sha256VarCore, 
UInt<UInt<UInt<UInt<UInt<UInt<UTerm, B1>, B0>, 
B0>, B0>, B0>, B0>, OidSha256>>>: digest::Update`
            which is required by `rsa::pkcs1v15::Si
gningKey<CoreWrapper<CtVariableCoreWrapper<Sha256Va
rCore, UInt<UInt<UInt<UInt<UInt<UInt<UTerm, B1>, 
B0>, B0>, B0>, B0>, B0>, OidSha256>>>: Digest`
            `rsa::pkcs1v15::SigningKey<CoreWrapper<
CtVariableCoreWrapper<Sha256VarCore, 
UInt<UInt<UInt<UInt<UInt<UInt<UTerm, B1>, B0>, 
B0>, B0>, B0>, B0>, OidSha256>>>: HashMarker`
            which is required by `rsa::pkcs1v15::Si
gningKey<CoreWrapper<CtVariableCoreWrapper<Sha256Va
rCore, UInt<UInt<UInt<UInt<UInt<UInt<UTerm, B1>, 
B0>, B0>, B0>, B0>, B0>, OidSha256>>>: Digest`
            `&rsa::pkcs1v15::SigningKey<CoreWrapper
<CtVariableCoreWrapper<Sha256VarCore, 
UInt<UInt<UInt<UInt<UInt<UInt<UTerm, B1>, B0>, 
B0>, B0>, B0>, B0>, OidSha256>>>: FixedOutput`
            which is required by `&rsa::pkcs1v15::S
igningKey<CoreWrapper<CtVariableCoreWrapper<Sha256V
arCore, UInt<UInt<UInt<UInt<UInt<UInt<UTerm, B1>, 
B0>, B0>, B0>, B0>, B0>, OidSha256>>>: Digest`
            `&rsa::pkcs1v15::SigningKey<CoreWrapper
<CtVariableCoreWrapper<Sha256VarCore, 
UInt<UInt<UInt<UInt<UInt<UInt<UTerm, B1>, B0>, 
B0>, B0>, B0>, B0>, OidSha256>>>: 
std::default::Default`
            which is required by `&rsa::pkcs1v15::S
igningKey<CoreWrapper<CtVariableCoreWrapper<Sha256V
arCore, UInt<UInt<UInt<UInt<UInt<UInt<UTerm, B1>, 
B0>, B0>, B0>, B0>, B0>, OidSha256>>>: Digest`
            `&rsa::pkcs1v15::SigningKey<CoreWrapper
<CtVariableCoreWrapper<Sha256VarCore, 
UInt<UInt<UInt<UInt<UInt<UInt<UTerm, B1>, B0>, 
B0>, B0>, B0>, B0>, OidSha256>>>: digest::Update`
            which is required by `&rsa::pkcs1v15::S
igningKey<CoreWrapper<CtVariableCoreWrapper<Sha256V
arCore, UInt<UInt<UInt<UInt<UInt<UInt<UTerm, B1>, 
B0>, B0>, B0>, B0>, B0>, OidSha256>>>: Digest`
            `&rsa::pkcs1v15::SigningKey<CoreWrapper
<CtVariableCoreWrapper<Sha256VarCore, 
UInt<UInt<UInt<UInt<UInt<UInt<UTerm, B1>, B0>, 
B0>, B0>, B0>, B0>, OidSha256>>>: HashMarker`
            which is required by `&rsa::pkcs1v15::S
igningKey<CoreWrapper<CtVariableCoreWrapper<Sha256V
arCore, UInt<UInt<UInt<UInt<UInt<UInt<UTerm, B1>, 
B0>, B0>, B0>, B0>, B0>, OidSha256>>>: Digest`
            `&mut rsa::pkcs1v15::SigningKey<CoreWra
pper<CtVariableCoreWrapper<Sha256VarCore, 
UInt<UInt<UInt<UInt<UInt<UInt<UTerm, B1>, B0>, 
B0>, B0>, B0>, B0>, OidSha256>>>: FixedOutput`
            which is required by `&mut rsa::pkcs1v1
5::SigningKey<CoreWrapper<CtVariableCoreWrapper<Sha
256VarCore, UInt<UInt<UInt<UInt<UInt<UInt<UTerm, 
B1>, B0>, B0>, B0>, B0>, B0>, OidSha256>>>: Digest`
            `&mut rsa::pkcs1v15::SigningKey<CoreWra
pper<CtVariableCoreWrapper<Sha256VarCore, 
UInt<UInt<UInt<UInt<UInt<UInt<UTerm, B1>, B0>, 
B0>, B0>, B0>, B0>, OidSha256>>>: 
std::default::Default`
            which is required by `&mut rsa::pkcs1v1
5::SigningKey<CoreWrapper<CtVariableCoreWrapper<Sha
256VarCore, UInt<UInt<UInt<UInt<UInt<UInt<UTerm, 
B1>, B0>, B0>, B0>, B0>, B0>, OidSha256>>>: Digest`
            `&mut rsa::pkcs1v15::SigningKey<CoreWra
pper<CtVariableCoreWrapper<Sha256VarCore, 
UInt<UInt<UInt<UInt<UInt<UInt<UTerm, B1>, B0>, 
B0>, B0>, B0>, B0>, OidSha256>>>: digest::Update`
            which is required by `&mut rsa::pkcs1v1
5::SigningKey<CoreWrapper<CtVariableCoreWrapper<Sha
256VarCore, UInt<UInt<UInt<UInt<UInt<UInt<UTerm, 
B1>, B0>, B0>, B0>, B0>, B0>, OidSha256>>>: Digest`
            `&mut rsa::pkcs1v15::SigningKey<CoreWra
pper<CtVariableCoreWrapper<Sha256VarCore, 
UInt<UInt<UInt<UInt<UInt<UInt<UTerm, B1>, B0>, 
B0>, B0>, B0>, B0>, OidSha256>>>: HashMarker`
            which is required by `&mut rsa::pkcs1v1
5::SigningKey<CoreWrapper<CtVariableCoreWrapper<Sha
256VarCore, UInt<UInt<UInt<UInt<UInt<UInt<UTerm, 
B1>, B0>, B0>, B0>, B0>, B0>, OidSha256>>>: Digest`
    = note: the full name for the type has been 
written to 'C:\Users\ACER\Documents\VSCFiles1\Overt
hrone\target\debug\deps\overthrone_core-e3b29f67c28
03819.long-type-6254505893097037464.txt'
    = note: consider using `--verbose` to print 
the full type name to the console

error[E0599]: no method named `decrypt` found for 
struct `Pkcs1v15Encrypt` in the current scope
   --> 
crates\overthrone-core\src\sccm\mod.rs:318:64
    |
318 | ...                   
rsa::pkcs1v15::Pkcs1v15Encrypt.decrypt(&priv_key, 
&u_bytes)
    |                                              
        ^^^^^^^
    |
note: there are multiple different versions of 
crate `rsa` in the dependency graph
   --> C:\Users\ACER\.cargo\registry\src\index.crat
es.io-1949cf8c6b5b557f\rsa-0.9.10\src\traits\paddin
g.rs:11:1
    |
 11 | pub trait PaddingScheme {
    | ^^^^^^^^^^^^^^^^^^^^^^^ this is the expected 
trait
    |
   ::: C:\Users\ACER\.cargo\registry\src\index.crat
es.io-1949cf8c6b5b557f\rsa-0.10.0-rc.9\src\traits\p
adding.rs:11:1
    |
 11 | pub trait PaddingScheme {
    | ----------------------- this is the trait 
that was imported
    = help: you can use `cargo tree` to explore 
your dependency tree
help: there is a method `encrypt` with a similar 
name, but with different arguments
   --> C:\Users\ACER\.cargo\registry\src\index.crat
es.io-1949cf8c6b5b557f\rsa-0.9.10\src\traits\paddin
g.rs:24:5
    |
 24 | /     fn encrypt<Rng: CryptoRngCore>(
 25 | |         self,
 26 | |         rng: &mut Rng,
 27 | |         pub_key: &RsaPublicKey,
 28 | |         msg: &[u8],
 29 | |     ) -> Result<Vec<u8>>;
    | |_________________________^

error[E0599]: no method named `decrypt` found for 
struct `Pkcs1v15Encrypt` in the current scope
   --> 
crates\overthrone-core\src\sccm\mod.rs:321:68
    |
321 | ...                   
rsa::pkcs1v15::Pkcs1v15Encrypt.decrypt(&priv_key, 
&p_bytes)
    |                                              
        ^^^^^^^
    |
note: there are multiple different versions of 
crate `rsa` in the dependency graph
   --> C:\Users\ACER\.cargo\registry\src\index.crat
es.io-1949cf8c6b5b557f\rsa-0.9.10\src\traits\paddin
g.rs:11:1
    |
 11 | pub trait PaddingScheme {
    | ^^^^^^^^^^^^^^^^^^^^^^^ this is the expected 
trait
    |
   ::: C:\Users\ACER\.cargo\registry\src\index.crat
es.io-1949cf8c6b5b557f\rsa-0.10.0-rc.9\src\traits\p
adding.rs:11:1
    |
 11 | pub trait PaddingScheme {
    | ----------------------- this is the trait 
that was imported
    = help: you can use `cargo tree` to explore 
your dependency tree
help: there is a method `encrypt` with a similar 
name, but with different arguments
   --> C:\Users\ACER\.cargo\registry\src\index.crat
es.io-1949cf8c6b5b557f\rsa-0.9.10\src\traits\paddin
g.rs:24:5
    |
 24 | /     fn encrypt<Rng: CryptoRngCore>(
 25 | |         self,
 26 | |         rng: &mut Rng,
 27 | |         pub_key: &RsaPublicKey,
 28 | |         msg: &[u8],
 29 | |     ) -> Result<Vec<u8>>;
    | |_________________________^

error[E0282]: type annotations needed
   --> 
crates\overthrone-core\src\sccm\mod.rs:326:42
    |
326 | ...                   &dec_user_bytes
    |                        ^^^^^^^^^^^^^^ cannot 
infer type

error[E0282]: type annotations needed
   --> 
crates\overthrone-core\src\sccm\mod.rs:332:42
    |
332 | ...                   &dec_pass_bytes
    |                        ^^^^^^^^^^^^^^ cannot 
infer type

Some errors have detailed explanations: E0282, 
E0599.
For more information about an error, try `rustc 
--explain E0282`.
error: could not compile `overthrone-core` (lib) 
due to 5 previous errors
